         #      Éxito          %     Parada        Val       Nota
======================================================================
         1               100.00          󰥔          S     100.00
         2               100.00          󰥔          S     100.00
         3               100.00          󰥔          S     100.00
         4               100.00          󰥔          S     100.00
         5               100.00          󰥔          S     100.00
         6               100.00          󰥔          S     100.00
         7               100.00          󰥔          S     100.00
         8               100.00          󰥔          S     100.00
         9               100.00          󰥔          S     100.00
        10               100.00          󰥔          S     100.00
        11               100.00          󰥔          S     100.00
        12               100.00          󰥔          S     100.00
        13               100.00          󰥔          S     100.00
        14               100.00          󰥔          S     100.00
        15               100.00          󰥔          S     100.00
        16               100.00          󰥔          S     100.00
        17               100.00          󰥔          S     100.00
        18               100.00          󰥔          S     100.00
        19               100.00          󰥔          S     100.00
        20               100.00          󰥔          S     100.00
        21               100.00          󰥔          S     100.00
        22               100.00          󰥔          S     100.00
        23               100.00          󰥔          S     100.00
        24               100.00          󰥔          S     100.00
        25               100.00          󰥔          S     100.00
        26               100.00          󰥔          S     100.00
        27               100.00          󰥔          S     100.00
        28               100.00          󰥔          S     100.00
        29               100.00          󰥔          S     100.00
        30               100.00          󰥔          S     100.00
        31               100.00          󰥔          S     100.00
        32               100.00          󰥔          S     100.00
        33               100.00          󰥔          S     100.00
        34               100.00          󰥔          S     100.00
        35               100.00          󰥔          S     100.00
        36               100.00          󰥔          S     100.00
        37               100.00          󰥔          S     100.00
        38               100.00          󰥔          S     100.00
        39               100.00          󰥔          S     100.00
        40               100.00          󰥔          S     100.00
        41               100.00          󰥔          S     100.00
        42               100.00          󰥔          S     100.00
        43                90.03          󰥔          S     100.00
        44                90.52          󰥔          S     100.00
        45                90.10          󰥔          S     100.00
        46                98.92          󰁹          S     100.00
        47                99.75          󰥔          S     100.00
        48                99.65          󰥔          S     100.00
        49                99.53          󰥔          S     100.00
        50                99.57          󰥔          S     100.00
        51                99.84          󰥔          S     100.00
        52                99.84          󰥔          S     100.00
        53                93.64          󰁹          S     100.00
        54                93.64          󰁹          S     100.00
        55                93.10          󰁹          S     100.00
        56                93.65          󰁹          S     100.00
        57                93.65          󰁹          S     100.00
        58                93.80          󰁹          S     100.00
        59                93.65          󰁹          S     100.00
        60                93.65          󰁹          S     100.00
        61                93.65          󰁹          S     100.00
        62                93.65          󰁹          S     100.00
        63                93.65          󰁹          S     100.00
        64                94.00          󰁹          S     100.00
        65                94.12          󰁹          S     100.00
        66                94.47          󰁹          S     100.00
        67                94.49          󰁹          S     100.00
        68                94.33          󰁹          S     100.00
        69                94.44          󰁹          S     100.00
        70                97.82          󰥔          S     100.00
        71                97.63          󰥔          S     100.00
        72                97.58          󰥔          S     100.00
        73                97.58          󰥔          S     100.00
        74                97.99          󰥔          S     100.00
        75                97.99          󰥔          S     100.00
        76               100.00          󰥔          S     100.00
        77               100.00          󰥔          S     100.00
        78               100.00          󰥔          S     100.00
        79               100.00          󰥔          S     100.00
        80               100.00          󰥔          S     100.00
        81               100.00          󰥔          S     100.00
        82               100.00          󰥔          S     100.00
        83               100.00          󰥔          S     100.00
        84               100.00          󰥔          S     100.00
        85               100.00          󰥔          S     100.00
        86               100.00          󰥔          S     100.00
        87               100.00          󰥔          S     100.00
        88               100.00          󰥔          S     100.00
        89               100.00          󰥔          S     100.00
        90                90.52          󰥔          S     100.00
        91                89.85          󰥔          S     100.00
        92                90.01          󰥔          S     100.00
        93                99.14          󰁹          S     100.00
        94                99.73          󰥔          S     100.00
        95                99.49          󰥔          S     100.00
        96                99.53          󰥔          S     100.00
        97                99.99          󰥔          S     100.00
        98                99.93          󰥔          S     100.00
        99               100.00          󰥔          S     100.00
       100                94.39          󰁹          S     100.00
       101                91.75          󰁹          S     100.00
       102                91.75          󰁹          S     100.00
       103                91.75          󰁹          S     100.00
       104                91.75          󰁹          S     100.00
       105                91.75          󰁹          S     100.00
       106                91.75          󰁹          S     100.00
       107                93.99          󰁹          S     100.00
       108                94.10          󰥔          S     100.00
       109                94.06          󰥔          S     100.00
       110                97.56          󰥔          S     100.00
       111                97.13          󰥔          S     100.00
       112                98.01          󰥔          S     100.00
       113               100.00          󰥔          S     100.00
       114               100.00          󰥔          S     100.00
       115               100.00          󰥔          S     100.00
       116               100.00          󰥔          S     100.00
       117               100.00          󰥔          S     100.00
       118               100.00          󰥔          S     100.00
       119               100.00          󰥔          S     100.00
       120               100.00          󰥔          S     100.00
       121               100.00          󰥔          S     100.00
       122               100.00          󰥔          S     100.00
       123               100.00          󰥔          S     100.00
       124               100.00          󰥔          S     100.00
       125               100.00          󰥔          S     100.00
       126               100.00          󰥔          S     100.00
       127                89.72          󰥔          S     100.00
       128                90.24          󰥔          S     100.00
       129                90.67          󰥔          S     100.00
       130                98.38          󰁹          S     100.00
       131                99.80          󰥔          S     100.00
       132                98.99          󰥔          S     100.00
       133                99.74          󰥔          S     100.00
       134                99.95          󰥔          S     100.00
       135                99.87          󰥔          S     100.00
       136                99.97          󰥔          S     100.00
       137                92.36          󰁹          S     100.00
       138                92.87          󰁹          S     100.00
       139                92.87          󰁹          S     100.00
       140                92.12          󰁹          S     100.00
       141                90.78          󰁹          S     100.00
       142                89.71          󰁹          S     100.00
       143                94.24          󰁹          S     100.00
       144                93.95          󰁹          S     100.00
       145                93.16          󰁹          S     100.00
       146                94.26          󰁹          S     100.00
       147                97.32          󰥔          S     100.00
       148                95.79          󰥔          S     100.00
       149                97.67          󰥔          S     100.00
       150               100.00          󰥔          S     100.00
       151               100.00          󰥔          S     100.00
       152                68.11          󰥔          B      80.13
       153               100.00          󰥔          S     100.00
       154               100.00          󰥔          S     100.00
       155               100.00          󰥔          S     100.00
       156               100.00          󰥔          S     100.00
       157               100.00          󰥔          S     100.00
       158               100.00          󰥔          S     100.00
       159               100.00          󰥔          S     100.00
       160               100.00          󰥔          S     100.00
       161               100.00          󰥔          S     100.00
       162               100.00          󰥔          S     100.00
       163               100.00          󰥔          S     100.00
       164               100.00          󰥔          S     100.00
       165               100.00          󰥔          S     100.00
       166               100.00          󰥔          S     100.00
       167               100.00          󰥔          S     100.00
       168               100.00          󰥔          S     100.00
       169               100.00          󰥔          S     100.00
       170               100.00          󰥔          S     100.00
       171               100.00          󰥔          S     100.00
       172               100.00          󰥔          S     100.00
       173               100.00          󰥔          S     100.00
       174               100.00          󰥔          S     100.00
       175               100.00          󰥔          S     100.00
       176               100.00          󰥔          S     100.00
       177               100.00          󰥔          S     100.00
       178               100.00          󰥔          S     100.00
       179               100.00          󰥔          S     100.00
       180                68.11          󰥔          B      80.13
       181                94.97          󰥔          S     100.00
       182                99.95          󰥔          S     100.00
       183                66.74          󰥔          B      78.52
       184                67.31          󰥔          B      79.18
       185                79.88          󰥔          A      93.97
       186                99.80          󰥔          S     100.00
       187                71.18          󰥔          B      83.74
       188                68.02          󰥔          B      80.02
       189                76.30          󰥔          B      89.77
       190                61.23          󰥔          B      72.03
       191                99.84          󰥔          S     100.00
       192                20.92          󰥔          F      24.62
       193                84.87          󰥔          A      99.85
       194                84.96          󰥔          A      99.95
       195                96.20          󰁹          S     100.00
       196                28.96          󰥔          D      34.07
       197                41.94          󰥔          D      49.34
       198                37.72          󰥔          D      44.38
       199                37.59          󰥔          D      44.22
       200                31.11          󰥔          D      36.60
       201                21.18          󰥔          F      24.92
       202                26.48          󰁹          D      31.15
       203                29.06          󰁹          D      34.19
       204                25.47          󰁹          F      29.96
       205                28.72          󰁹          D      33.79
       206                37.03          󰁹          D      43.56
       207                37.03          󰁹          D      43.56
       208                22.73          󰁹          F      26.74
       209                33.84          󰁹          D      39.81
       210                33.34          󰁹          D      39.22
       211                26.48          󰁹          D      31.15
       212                19.27          󰁹          F      22.67
       213                16.76          󰁹          F      19.72
       214                79.30          󰁹          A      93.29
       215                36.08          󰁹          D      42.45
       216                37.95          󰥔          D      44.65
       217                31.09          󰥔          D      36.58
       218                31.09          󰥔          D      36.58
       219                12.34          󰥔          F      14.52
       220                13.14          󰥔          F      15.46
       221                11.64          󰥔          F      13.69
       222                13.02          󰥔          F      15.32
       223                14.80          󰥔          F      17.41
       224                14.90          󰥔          F      17.53
